// Jest Snapshot v1, https://goo.gl/fbAQLP

exports[`<Board /> component render 1`] = `
<div
  className={undefined}
>
  <div
    className={undefined}
  >
    <div
      className=" "
    >
      <div
        className={undefined}
      />
    </div>
    <div
      className=" "
    >
      <div
        className={undefined}
      />
    </div>
    <div
      className=" "
    >
      <div
        className={undefined}
      >
        4
      </div>
    </div>
    <div
      className=" "
    >
      <div
        className={undefined}
      >
        4
      </div>
    </div>
  </div>
  <div
    className={undefined}
  >
    <div
      className=" "
    >
      <div
        className={undefined}
      />
    </div>
    <div
      className=" "
    >
      <div
        className={undefined}
      >
        2
      </div>
    </div>
    <div
      className=" "
    >
      <div
        className={undefined}
      />
    </div>
    <div
      className=" "
    >
      <div
        className={undefined}
      />
    </div>
  </div>
  <div
    className={undefined}
  >
    <div
      className=" "
    >
      <div
        className={undefined}
      >
        4
      </div>
    </div>
    <div
      className=" "
    >
      <div
        className={undefined}
      />
    </div>
    <div
      className=" "
    >
      <div
        className={undefined}
      />
    </div>
    <div
      className=" "
    >
      <div
        className={undefined}
      />
    </div>
  </div>
  <div
    className={undefined}
  >
    <div
      className=" "
    >
      <div
        className={undefined}
      />
    </div>
    <div
      className=" "
    >
      <div
        className={undefined}
      >
        2
      </div>
    </div>
    <div
      className=" "
    >
      <div
        className={undefined}
      />
    </div>
    <div
      className=" "
    >
      <div
        className={undefined}
      />
    </div>
  </div>
</div>
`;
