// Jest Snapshot v1, https://goo.gl/fbAQLP

exports[`<Button /> component render 1`] = `
<div
  className={undefined}
  onClick={[Function]}
>
  <img
    alt="desc"
    src="imageUrl"
  />
</div>
`;
