// Jest Snapshot v1, https://goo.gl/fbAQLP

exports[`<Board /> component render 1`] = `
<div
  className=" "
>
  <div
    className={undefined}
  >
    32
  </div>
</div>
`;
